[jax] backend=cpu | run outputs/landing_phase2_ue/land_ue_p2_warm_s0 | total_steps=1000000 num_envs=64 batch=256 update_every=8 rows_keep=32 | warm start outputs/landing_phase2_ue/land_ue_vanilla_s0/best_weights.pkl
[landing ue env] initial-state bank: 3754/4096 in the tightened C_N (91.7%); episode 125 steps; disturbance A=0.5 f=0.05 Hz
[warm start] actor, critics and alpha 0.01 from outputs/landing_phase2_ue/land_ue_vanilla_s0/best_weights.pkl
  [eval 0] return -494.8+-152.2 unsafe 0.000 landed 0.97 final dist 0.207 z 0.021 |v| 0.09 pos_err 0.238 min h 0.017 min z 0.010 corr 0.126 slack>1e-3 0.0000 fallback 0.0000 safeguard 0.000
[memory] replay buffer 0.46 GB, training chunk needs ~0.49 GB (arguments 0.46 + work 0.02; in place 0.46)
step=51200 sps=137 ep_ret=-490.7 unsafe=0.000 min_h=0.022 final_dist=0.171 final_z=0.040 | critic=132 q_pi=-61.8 alpha=0.01 qp_used=1.000 rows_exact=1.000 | cil corr=0.164 slack>1e-3=0.0000 fallback=0.0000 safeguard=0.000
step=100352 sps=137 ep_ret=-247.2 unsafe=0.000 min_h=0.021 final_dist=0.253 final_z=0.037 | critic=88.5 q_pi=-60.2 alpha=0.01 qp_used=1.000 rows_exact=1.000 | cil corr=0.122 slack>1e-3=0.0000 fallback=0.0000 safeguard=0.000
  [eval 100352] return -127.6+-24.0 unsafe 0.000 landed 0.78 final dist 0.206 z 0.017 |v| 0.37 pos_err 0.128 min h 0.013 min z 0.008 corr 0.060 slack>1e-3 0.0000 fallback 0.0000 safeguard 0.000
step=151552 sps=130 ep_ret=-139.0 unsafe=0.000 min_h=0.036 final_dist=0.163 final_z=0.020 | critic=47.3 q_pi=-53.6 alpha=0.01 qp_used=1.000 rows_exact=1.000 | cil corr=0.048 slack>1e-3=0.0000 fallback=0.0000 safeguard=0.000
step=200704 sps=137 ep_ret=-121.1 unsafe=0.000 min_h=0.058 final_dist=0.082 final_z=0.030 | critic=11.5 q_pi=-48.9 alpha=0.01 qp_used=1.000 rows_exact=1.000 | cil corr=0.023 slack>1e-3=0.0000 fallback=0.0000 safeguard=0.000
  [eval 200704] return -106.7+-17.9 unsafe 0.000 landed 1.00 final dist 0.079 z 0.017 |v| 0.17 pos_err 0.159 min h 0.012 min z 0.008 corr 0.023 slack>1e-3 0.0000 fallback 0.0000 safeguard 0.000
step=251904 sps=125 ep_ret=-113.2 unsafe=0.000 min_h=0.055 final_dist=0.057 final_z=0.020 | critic=6.66 q_pi=-46.4 alpha=0.01 qp_used=1.000 rows_exact=1.000 | cil corr=0.021 slack>1e-3=0.0000 fallback=0.0000 safeguard=0.000
step=301056 sps=141 ep_ret=-113.8 unsafe=0.000 min_h=0.056 final_dist=0.092 final_z=0.017 | critic=4.48 q_pi=-42.0 alpha=0.01 qp_used=1.000 rows_exact=1.000 | cil corr=0.012 slack>1e-3=0.0000 fallback=0.0000 safeguard=0.000
  [eval 301056] return -93.9+-17.6 unsafe 0.000 landed 0.83 final dist 0.098 z 0.015 |v| 0.45 pos_err 0.170 min h 0.009 min z 0.012 corr 0.014 slack>1e-3 0.0000 fallback 0.0000 safeguard 0.000
step=352256 sps=131 ep_ret=-105.9 unsafe=0.000 min_h=0.067 final_dist=0.051 final_z=0.016 | critic=6.08 q_pi=-39.0 alpha=0.01 qp_used=1.000 rows_exact=1.000 | cil corr=0.014 slack>1e-3=0.0000 fallback=0.0000 safeguard=0.000
step=401408 sps=138 ep_ret=-108.1 unsafe=0.000 min_h=0.050 final_dist=0.068 final_z=0.017 | critic=4.8 q_pi=-35.8 alpha=0.01 qp_used=1.000 rows_exact=1.000 | cil corr=0.024 slack>1e-3=0.0000 fallback=0.0000 safeguard=0.000
  [eval 401408] return -100.7+-16.0 unsafe 0.000 landed 0.98 final dist 0.071 z 0.016 |v| 0.37 pos_err 0.179 min h 0.004 min z 0.011 corr 0.015 slack>1e-3 0.0000 fallback 0.0000 safeguard 0.000
step=452608 sps=133 ep_ret=-136.0 unsafe=0.000 min_h=0.064 final_dist=0.080 final_z=0.015 | critic=4.06 q_pi=-36.4 alpha=0.01 qp_used=1.000 rows_exact=1.000 | cil corr=0.016 slack>1e-3=0.0000 fallback=0.0000 safeguard=0.000
step=501760 sps=148 ep_ret=-115.0 unsafe=0.000 min_h=0.083 final_dist=0.110 final_z=0.022 | critic=4.7 q_pi=-36.7 alpha=0.01 qp_used=1.000 rows_exact=1.000 | cil corr=0.018 slack>1e-3=0.0000 fallback=0.0000 safeguard=0.000
  [eval 501760] return -89.7+-17.0 unsafe 0.000 landed 0.11 final dist 0.168 z 0.017 |v| 0.56 pos_err 0.154 min h 0.012 min z 0.010 corr 0.019 slack>1e-3 0.0000 fallback 0.0000 safeguard 0.000
step=552960 sps=137 ep_ret=-96.0 unsafe=0.000 min_h=0.061 final_dist=0.094 final_z=0.015 | critic=2.02 q_pi=-33.6 alpha=0.01 qp_used=1.000 rows_exact=1.000 | cil corr=0.028 slack>1e-3=0.0000 fallback=0.0000 safeguard=0.000
step=602112 sps=148 ep_ret=-91.6 unsafe=0.000 min_h=0.052 final_dist=0.084 final_z=0.014 | critic=0.613 q_pi=-30.7 alpha=0.01 qp_used=1.000 rows_exact=1.000 | cil corr=0.023 slack>1e-3=0.0000 fallback=0.0000 safeguard=0.000
  [eval 602112] return -78.8+-16.9 unsafe 0.000 landed 1.00 final dist 0.065 z 0.014 |v| 0.09 pos_err 0.136 min h 0.014 min z 0.011 corr 0.021 slack>1e-3 0.0000 fallback 0.0000 safeguard 0.000
step=653312 sps=137 ep_ret=-89.5 unsafe=0.000 min_h=0.055 final_dist=0.069 final_z=0.014 | critic=0.407 q_pi=-28.5 alpha=0.01 qp_used=1.000 rows_exact=1.000 | cil corr=0.022 slack>1e-3=0.0000 fallback=0.0000 safeguard=0.000
step=702464 sps=146 ep_ret=-87.1 unsafe=0.000 min_h=0.045 final_dist=0.071 final_z=0.014 | critic=0.325 q_pi=-26.7 alpha=0.01 qp_used=1.000 rows_exact=1.000 | cil corr=0.026 slack>1e-3=0.0000 fallback=0.0000 safeguard=0.000
  [eval 702464] return -73.4+-18.6 unsafe 0.000 landed 1.00 final dist 0.066 z 0.014 |v| 0.07 pos_err 0.117 min h 0.015 min z 0.010 corr 0.031 slack>1e-3 0.0000 fallback 0.0000 safeguard 0.000
step=753664 sps=138 ep_ret=-87.6 unsafe=0.000 min_h=0.044 final_dist=0.060 final_z=0.014 | critic=0.291 q_pi=-25.5 alpha=0.01 qp_used=1.000 rows_exact=1.000 | cil corr=0.028 slack>1e-3=0.0000 fallback=0.0000 safeguard=0.000
step=802816 sps=153 ep_ret=-87.0 unsafe=0.000 min_h=0.045 final_dist=0.057 final_z=0.014 | critic=0.25 q_pi=-24.5 alpha=0.01 qp_used=1.000 rows_exact=1.000 | cil corr=0.029 slack>1e-3=0.0000 fallback=0.0000 safeguard=0.000
  [eval 802816] return -74.7+-17.7 unsafe 0.000 landed 1.00 final dist 0.077 z 0.014 |v| 0.11 pos_err 0.123 min h 0.015 min z 0.010 corr 0.033 slack>1e-3 0.0000 fallback 0.0000 safeguard 0.000
step=854016 sps=143 ep_ret=-87.1 unsafe=0.000 min_h=0.044 final_dist=0.061 final_z=0.014 | critic=0.238 q_pi=-23.5 alpha=0.01 qp_used=1.000 rows_exact=1.000 | cil corr=0.033 slack>1e-3=0.0000 fallback=0.0000 safeguard=0.000
step=903168 sps=153 ep_ret=-86.2 unsafe=0.000 min_h=0.038 final_dist=0.063 final_z=0.014 | critic=0.225 q_pi=-22.9 alpha=0.01 qp_used=1.000 rows_exact=1.000 | cil corr=0.037 slack>1e-3=0.0000 fallback=0.0000 safeguard=0.000
  [eval 903168] return -70.7+-18.8 unsafe 0.000 landed 1.00 final dist 0.046 z 0.014 |v| 0.10 pos_err 0.108 min h 0.014 min z 0.010 corr 0.034 slack>1e-3 0.0000 fallback 0.0000 safeguard 0.000
step=954368 sps=145 ep_ret=-84.4 unsafe=0.000 min_h=0.036 final_dist=0.049 final_z=0.014 | critic=0.199 q_pi=-21.9 alpha=0.01 qp_used=1.000 rows_exact=1.000 | cil corr=0.036 slack>1e-3=0.0000 fallback=0.0000 safeguard=0.000
  [eval 1001472] return -70.7+-18.0 unsafe 0.000 landed 1.00 final dist 0.039 z 0.014 |v| 0.04 pos_err 0.113 min h 0.015 min z 0.010 corr 0.031 slack>1e-3 0.0000 fallback 0.0000 safeguard 0.000
{
 "best_step": 903168,
 "best_eval": {
  "return_mean": -70.6870931640733,
  "return_std": 18.776171730061346,
  "unsafe_rate": 0.0,
  "min_h_cone": 0.014357805252075195,
  "min_z": 0.010146102868020535,
  "pos_err_mean": 0.10790984039823526,
  "landed_rate": 1.0,
  "final_dist_mean": 0.046131201249039466,
  "final_z_mean": 0.013650832654093392,
  "final_speed_mean": 0.10457408794866835,
  "cil_correction_mean": 0.03420122142770437,
  "slack_gt_rate": 0.0,
  "fallback_rate": 0.0,
  "safeguard_rate": 0.0,
  "max_observer_error": 0.009994861669838428
 },
 "wall_time_min": 119.35083764394125
}
